// Jest Snapshot v1, https://goo.gl/fbAQLP

exports[`Home component should render successful 1`] = `
<div
  className="home"
>
  <div
    className="toolbar"
  >
    This is ToolBar
  </div>
  <div
    className="sidebar"
  >
    This is sidebar
  </div>
</div>
`;
